Name	Pathway
X32198	29
X38661	1614
X553	1614
"K.Bacteria.01"	1615
"Brachybacterium.01"	1615
X1498	1615
X513	1615
"Corynebacterium.02"	1615
X1126	1615
X41754	1615
X1123	1615
X1301	1615
X528	1615
X37455	1615
X1303	1615
"Ralstonia.01"	1615
X1299	1615
X46173	1615
"Delftia.01"	1615
X27727	1615
X1515	1615
"Methylobacterium.01"	1615
X2372	1615
X54	1615
X1670	1615
"F.Enterobacteriaceae.01"	1615
X43847	1615
X15506	1615
X32342	1615
X64	1615
"Dorea.01"	1615
X5086	1615
X1868	1615
X32354	1615
"Peptoniphilus.01"	1615
X18319	1615
"Actinomyces.01"	1615
X53241	1615
X63	1615
"Mesorhizobium.01"	1615
X1604	1615
"Enterococcus.01"	1615
"Enterobacter.01"	1615
"Hydrogenophaga.01"	1615
X3127	1615
X1898	1615
"Flavobacterium.01"	1615
X555	1615
X1124	1615
X542	1615
X15990	1615
X57	1615
X33442	1615
X1899	1615
"Arthrobacter.01"	1615
X443	1615
"Deinococcus.01"	1615
"Mycoplasma.01"	1615
"Peptostreptococcus.01"	1615
"Peptoclostridium.01"	1615
X1505	1615
X606	1615
X37459	1615
X48195	1615
"Ruminococcus.01"	1615
"Propionibacterium.01"	1615
X1519	1615
X18392	1615
X3141	1615
"Blautia.01"	1615
"Nocardioides.01"	1615
X1419	1615
X32377	1615
X569	1615
"Kocuria.01"	1615
"Veillonella.01"	1615
X1107	1615
X594	1615
"Pelomonas.01"	1615
X396	1615
X32306	1615
"Actinopolyspora.01"	1615
X40406	1615
"Aggregatibacter.01"	1615
X15778	1615
X18394	1615
X1437	1615
"Tannerella.01"	1615
X485	1615
"Lactobacillus.01"	1615
X1510	1615
"Burkholderia.01"	1615
X34396	1615
"P.Actinobacteria.01"	1615
X15500	1615
X27718	1615
"Staphylococcus.01"	1615
X1572	1615
"Actinobacillus.01"	1615
"Streptococcus.01"	1615
"Alcaligenes.01"	1615
X1638	1615
X58	1615
"Ruminiclostridium.01"	1615
X1284	1615
"Eggerthella.01"	1615
X15716	1615
X3147	1615
"Bifidobacterium.01"	1615
X37076	1615
X1408	1615
"Pseudonocardia.01"	1615
X2127	1615
"F.Lachnospiraceae.02"	1615
X46960	1615
X514	1615
"Acinetobacter.01"	1615
"Haemophilus.01"	1615
"Comamonas.01"	1615
X1493	1615
X17747	1615
"Exiguobacterium.01"	1615
"Moraxella.01"	1615
X1649	1615
"Caulobacter.01"	1615
X15720	1615
X1444	1615
"Prevotella.04"	1615
X1573	1615
"Nocardiopsis.01"	1615
"Bradyrhizobium.01"	1615
X590	1615
"Micrococcus.01"	1615
"Achromobacter.01"	1615
"Aeromonas.01"	1615
"Planococcus.01"	1615
X34386	1615
"Gordonia.01"	1615
"Capnocytophaga.01"	1615
"Megasphaera.01"	1615
"Streptomyces.01"	1615
X1125	1615
X603	1615
X53	1615
X2132	1615
X21133	1615
X1494	1615
"Fusobacterium.01"	1615
"Lachnospira.01"	1615
X1648	1615
"Proteus.01"	1615
X1564	1615
"Neisseria.01"	1615
"Selenomonas.02"	1615
X20676	1615
X55	1615
"Anaerovibrio.01"	1615
"Pedobacter.01"	1615
"Porphyromonas.01"	1615
X512	1615
"Bacillus.01"	1615
"F.Neisseriaceae.02"	1615
"Halomonas.01"	1615
X2125	1615
X48885	1615
"Microbacterium.01"	1615
X527	1615
X46142	1615
"Variovorax.01"	1615
"Peptococcus.01"	1615
X35126	1615
X60	1615
"Nesterenkonia.01"	1615
X1643	1615
"Rhizobium.01"	1615
"Pseudomonas.01"	1615
"Abiotrophia.01"	1615
X59	1615
X1600	1615
"Mycobacterium.01"	1615
X27513	1615
